This is pdfTeX, Version 3.141592653-2.6-1.40.28 (MiKTeX 25.12) (preloaded format=pdflatex.fmt)
 restricted \write18 enabled.
entering extended mode
(SamuelLouveraOp.tex
LaTeX2e <2025-11-01>
L3 programming layer <2025-12-24>
(C:\Users\SAMUEL\AppData\Local\Programs\MiKTeX\tex/latex/base\article.cls
Document Class: article 2025/01/22 v1.4n Standard LaTeX document class
(C:\Users\SAMUEL\AppData\Local\Programs\MiKTeX\tex/latex/base\size11.clo))
(C:\Users\SAMUEL\AppData\Local\Programs\MiKTeX\tex/latex/base\fontenc.sty)
(C:\Users\SAMUEL\AppData\Local\Programs\MiKTeX\tex/latex/base\inputenc.sty)
(C:\Users\SAMUEL\AppData\Local\Programs\MiKTeX\tex/generic/babel\babel.sty
(C:\Users\SAMUEL\AppData\Local\Programs\MiKTeX\tex/generic/babel\txtbabel.def)
*************************************
* Local config file bblopts.cfg used
*
(C:\Users\SAMUEL\AppData\Local\Programs\MiKTeX\tex/latex/arabi\bblopts.cfg)
(C:\Users\SAMUEL\AppData\Local\Programs\MiKTeX\tex/generic/babel/locale/invalid
\babel-brazil.tex)

Package babel Warning: Name 'brazil' is deprecated.
(babel)                Use 'brazilian' instead.
(babel)                Reported on input line 4320.


(C:\Users\SAMUEL\AppData\Local\Programs\MiKTeX\tex/latex/babel-portuges\brazili
an.ldf))
(C:\Users\SAMUEL\AppData\Local\Programs\MiKTeX\tex/latex/geometry\geometry.sty
(C:\Users\SAMUEL\AppData\Local\Programs\MiKTeX\tex/latex/graphics\keyval.sty)
(C:\Users\SAMUEL\AppData\Local\Programs\MiKTeX\tex/generic/iftex\ifvtex.sty
(C:\Users\SAMUEL\AppData\Local\Programs\MiKTeX\tex/generic/iftex\iftex.sty))
(C:\Users\SAMUEL\AppData\Local\Programs\MiKTeX\tex/latex/geometry\geometry.cfg)
)
(C:\Users\SAMUEL\AppData\Local\Programs\MiKTeX\tex/latex/hyperref\hyperref.sty
(C:\Users\SAMUEL\AppData\Local\Programs\MiKTeX\tex/latex/kvsetkeys\kvsetkeys.st
y)
(C:\Users\SAMUEL\AppData\Local\Programs\MiKTeX\tex/generic/kvdefinekeys\kvdefin
ekeys.sty)
(C:\Users\SAMUEL\AppData\Local\Programs\MiKTeX\tex/generic/pdfescape\pdfescape.
sty
(C:\Users\SAMUEL\AppData\Local\Programs\MiKTeX\tex/generic/ltxcmds\ltxcmds.sty)

(C:\Users\SAMUEL\AppData\Local\Programs\MiKTeX\tex/generic/pdftexcmds\pdftexcmd
s.sty
(C:\Users\SAMUEL\AppData\Local\Programs\MiKTeX\tex/generic/infwarerr\infwarerr.
sty)))
(C:\Users\SAMUEL\AppData\Local\Programs\MiKTeX\tex/latex/hycolor\hycolor.sty)
(C:\Users\SAMUEL\AppData\Local\Programs\MiKTeX\tex/latex/hyperref\nameref.sty
(C:\Users\SAMUEL\AppData\Local\Programs\MiKTeX\tex/latex/refcount\refcount.sty)

(C:\Users\SAMUEL\AppData\Local\Programs\MiKTeX\tex/generic/gettitlestring\getti
tlestring.sty
(C:\Users\SAMUEL\AppData\Local\Programs\MiKTeX\tex/latex/kvoptions\kvoptions.st
y)))
(C:\Users\SAMUEL\AppData\Local\Programs\MiKTeX\tex/latex/etoolbox\etoolbox.sty)

(C:\Users\SAMUEL\AppData\Local\Programs\MiKTeX\tex/generic/stringenc\stringenc.
sty)
(C:\Users\SAMUEL\AppData\Local\Programs\MiKTeX\tex/latex/hyperref\pd1enc.def)
(C:\Users\SAMUEL\AppData\Local\Programs\MiKTeX\tex/generic/intcalc\intcalc.sty)
(C:\Users\SAMUEL\AppData\Local\Programs\MiKTeX\tex/latex/hyperref\puenc.def)
(C:\Users\SAMUEL\AppData\Local\Programs\MiKTeX\tex/latex/url\url.sty)
(C:\Users\SAMUEL\AppData\Local\Programs\MiKTeX\tex/generic/bitset\bitset.sty
(C:\Users\SAMUEL\AppData\Local\Programs\MiKTeX\tex/generic/bigintcalc\bigintcal
c.sty)))
(C:\Users\SAMUEL\AppData\Local\Programs\MiKTeX\tex/latex/hyperref\hpdftex.def
(C:\Users\SAMUEL\AppData\Local\Programs\MiKTeX\tex/latex/rerunfilecheck\rerunfi
lecheck.sty
(C:\Users\SAMUEL\AppData\Local\Programs\MiKTeX\tex/generic/uniquecounter\unique
counter.sty)))
(C:\Users\SAMUEL\AppData\Local\Programs\MiKTeX\tex/latex/enumitem\enumitem.sty)
 (C:\Users\SAMUEL\AppData\Local\Programs\MiKTeX\tex/latex/titlesec\titlesec.sty
) (C:\Users\SAMUEL\AppData\Local\Programs\MiKTeX\tex/latex/xcolor\xcolor.sty
(C:\Users\SAMUEL\AppData\Local\Programs\MiKTeX\tex/latex/graphics-cfg\color.cfg
)
(C:\Users\SAMUEL\AppData\Local\Programs\MiKTeX\tex/latex/graphics-def\pdftex.de
f)
(C:\Users\SAMUEL\AppData\Local\Programs\MiKTeX\tex/latex/graphics\mathcolor.ltx
)) (C:\Users\SAMUEL\AppData\Local\Programs\MiKTeX\tex/latex/parskip\parskip.sty
) (C:\Users\SAMUEL\AppData\Local\Programs\MiKTeX\tex/latex/lm\lmodern.sty)
(C:\Users\SAMUEL\AppData\Local\Programs\MiKTeX\tex/latex/lm\t1lmss.fd)
(C:\Users\SAMUEL\AppData\Local\Programs\MiKTeX\tex/latex/l3backend\l3backend-pd
ftex.def)
No file SamuelLouveraOp.aux.
*geometry* driver: auto-detecting
*geometry* detected driver: pdftex

(C:\Users\SAMUEL\AppData\Local\Programs\MiKTeX\tex/context/base/mkii\supp-pdf.m
kii
[Loading MPS to PDF converter (version 2006.09.02).]
) (C:\Users\SAMUEL\AppData\Local\Programs\MiKTeX\tex/latex/lm\ts1lmss.fd)
[1{C:/Users/SAMUEL/AppData/Local/MiKTeX/fonts/map/pdftex/pdftex.map}{C:/Users/S
AMUEL/AppData/Local/Programs/MiKTeX/fonts/enc/dvips/lm/lm-ec.enc}{C:/Users/SAMU
EL/AppData/Local/Programs/MiKTeX/fonts/enc/dvips/lm/lm-ts1.enc}] [2]
(SamuelLouveraOp.aux)

Package rerunfilecheck Warning: File `SamuelLouveraOp.out' has changed.
(rerunfilecheck)                Rerun to get outlines right
(rerunfilecheck)                or use package `bookmark'.

 )<C:/Users/SAMUEL/AppData/Local/Programs/MiKTeX/fonts/type1/public/lm/lmss10.p
fb><C:/Users/SAMUEL/AppData/Local/Programs/MiKTeX/fonts/type1/public/lm/lmss12.
pfb><C:/Users/SAMUEL/AppData/Local/Programs/MiKTeX/fonts/type1/public/lm/lmssbx
10.pfb><C:/Users/SAMUEL/AppData/Local/Programs/MiKTeX/fonts/type1/public/lm/lms
so10.pfb>
Output written on SamuelLouveraOp.pdf (2 pages, 115008 bytes).
Transcript written on SamuelLouveraOp.log.
pdflatex: major issue: So far, you have not checked for MiKTeX updates.
This is pdfTeX, Version 3.141592653-2.6-1.40.28 (MiKTeX 25.12) (preloaded format=pdflatex.fmt)
 restricted \write18 enabled.
entering extended mode
(SamuelLouveraOp.tex
LaTeX2e <2025-11-01>
L3 programming layer <2025-12-24>
(C:\Users\SAMUEL\AppData\Local\Programs\MiKTeX\tex/latex/base\article.cls
Document Class: article 2025/01/22 v1.4n Standard LaTeX document class
(C:\Users\SAMUEL\AppData\Local\Programs\MiKTeX\tex/latex/base\size11.clo))
(C:\Users\SAMUEL\AppData\Local\Programs\MiKTeX\tex/latex/base\fontenc.sty)
(C:\Users\SAMUEL\AppData\Local\Programs\MiKTeX\tex/latex/base\inputenc.sty)
(C:\Users\SAMUEL\AppData\Local\Programs\MiKTeX\tex/generic/babel\babel.sty
(C:\Users\SAMUEL\AppData\Local\Programs\MiKTeX\tex/generic/babel\txtbabel.def)
*************************************
* Local config file bblopts.cfg used
*
(C:\Users\SAMUEL\AppData\Local\Programs\MiKTeX\tex/latex/arabi\bblopts.cfg)
(C:\Users\SAMUEL\AppData\Local\Programs\MiKTeX\tex/generic/babel/locale/invalid
\babel-brazil.tex)

Package babel Warning: Name 'brazil' is deprecated.
(babel)                Use 'brazilian' instead.
(babel)                Reported on input line 4320.


(C:\Users\SAMUEL\AppData\Local\Programs\MiKTeX\tex/latex/babel-portuges\brazili
an.ldf))
(C:\Users\SAMUEL\AppData\Local\Programs\MiKTeX\tex/latex/geometry\geometry.sty
(C:\Users\SAMUEL\AppData\Local\Programs\MiKTeX\tex/latex/graphics\keyval.sty)
(C:\Users\SAMUEL\AppData\Local\Programs\MiKTeX\tex/generic/iftex\ifvtex.sty
(C:\Users\SAMUEL\AppData\Local\Programs\MiKTeX\tex/generic/iftex\iftex.sty))
(C:\Users\SAMUEL\AppData\Local\Programs\MiKTeX\tex/latex/geometry\geometry.cfg)
)
(C:\Users\SAMUEL\AppData\Local\Programs\MiKTeX\tex/latex/hyperref\hyperref.sty
(C:\Users\SAMUEL\AppData\Local\Programs\MiKTeX\tex/latex/kvsetkeys\kvsetkeys.st
y)
(C:\Users\SAMUEL\AppData\Local\Programs\MiKTeX\tex/generic/kvdefinekeys\kvdefin
ekeys.sty)
(C:\Users\SAMUEL\AppData\Local\Programs\MiKTeX\tex/generic/pdfescape\pdfescape.
sty
(C:\Users\SAMUEL\AppData\Local\Programs\MiKTeX\tex/generic/ltxcmds\ltxcmds.sty)

(C:\Users\SAMUEL\AppData\Local\Programs\MiKTeX\tex/generic/pdftexcmds\pdftexcmd
s.sty
(C:\Users\SAMUEL\AppData\Local\Programs\MiKTeX\tex/generic/infwarerr\infwarerr.
sty)))
(C:\Users\SAMUEL\AppData\Local\Programs\MiKTeX\tex/latex/hycolor\hycolor.sty)
(C:\Users\SAMUEL\AppData\Local\Programs\MiKTeX\tex/latex/hyperref\nameref.sty
(C:\Users\SAMUEL\AppData\Local\Programs\MiKTeX\tex/latex/refcount\refcount.sty)

(C:\Users\SAMUEL\AppData\Local\Programs\MiKTeX\tex/generic/gettitlestring\getti
tlestring.sty
(C:\Users\SAMUEL\AppData\Local\Programs\MiKTeX\tex/latex/kvoptions\kvoptions.st
y)))
(C:\Users\SAMUEL\AppData\Local\Programs\MiKTeX\tex/latex/etoolbox\etoolbox.sty)

(C:\Users\SAMUEL\AppData\Local\Programs\MiKTeX\tex/generic/stringenc\stringenc.
sty)
(C:\Users\SAMUEL\AppData\Local\Programs\MiKTeX\tex/latex/hyperref\pd1enc.def)
(C:\Users\SAMUEL\AppData\Local\Programs\MiKTeX\tex/generic/intcalc\intcalc.sty)
(C:\Users\SAMUEL\AppData\Local\Programs\MiKTeX\tex/latex/hyperref\puenc.def)
(C:\Users\SAMUEL\AppData\Local\Programs\MiKTeX\tex/latex/url\url.sty)
(C:\Users\SAMUEL\AppData\Local\Programs\MiKTeX\tex/generic/bitset\bitset.sty
(C:\Users\SAMUEL\AppData\Local\Programs\MiKTeX\tex/generic/bigintcalc\bigintcal
c.sty)))
(C:\Users\SAMUEL\AppData\Local\Programs\MiKTeX\tex/latex/hyperref\hpdftex.def
(C:\Users\SAMUEL\AppData\Local\Programs\MiKTeX\tex/latex/rerunfilecheck\rerunfi
lecheck.sty
(C:\Users\SAMUEL\AppData\Local\Programs\MiKTeX\tex/generic/uniquecounter\unique
counter.sty)))
(C:\Users\SAMUEL\AppData\Local\Programs\MiKTeX\tex/latex/enumitem\enumitem.sty)
 (C:\Users\SAMUEL\AppData\Local\Programs\MiKTeX\tex/latex/titlesec\titlesec.sty
) (C:\Users\SAMUEL\AppData\Local\Programs\MiKTeX\tex/latex/xcolor\xcolor.sty
(C:\Users\SAMUEL\AppData\Local\Programs\MiKTeX\tex/latex/graphics-cfg\color.cfg
)
(C:\Users\SAMUEL\AppData\Local\Programs\MiKTeX\tex/latex/graphics-def\pdftex.de
f)
(C:\Users\SAMUEL\AppData\Local\Programs\MiKTeX\tex/latex/graphics\mathcolor.ltx
)) (C:\Users\SAMUEL\AppData\Local\Programs\MiKTeX\tex/latex/parskip\parskip.sty
) (C:\Users\SAMUEL\AppData\Local\Programs\MiKTeX\tex/latex/lm\lmodern.sty)
(C:\Users\SAMUEL\AppData\Local\Programs\MiKTeX\tex/latex/lm\t1lmss.fd)
(C:\Users\SAMUEL\AppData\Local\Programs\MiKTeX\tex/latex/l3backend\l3backend-pd
ftex.def) (SamuelLouveraOp.aux)
*geometry* driver: auto-detecting
*geometry* detected driver: pdftex
(SamuelLouveraOp.out) (SamuelLouveraOp.out)
(C:\Users\SAMUEL\AppData\Local\Programs\MiKTeX\tex/context/base/mkii\supp-pdf.m
kii
[Loading MPS to PDF converter (version 2006.09.02).]
) (C:\Users\SAMUEL\AppData\Local\Programs\MiKTeX\tex/latex/lm\ts1lmss.fd)
[1{C:/Users/SAMUEL/AppData/Local/MiKTeX/fonts/map/pdftex/pdftex.map}{C:/Users/S
AMUEL/AppData/Local/Programs/MiKTeX/fonts/enc/dvips/lm/lm-ec.enc}{C:/Users/SAMU
EL/AppData/Local/Programs/MiKTeX/fonts/enc/dvips/lm/lm-ts1.enc}] [2]
(SamuelLouveraOp.aux) )<C:/Users/SAMUEL/AppData/Local/Programs/MiKTeX/fonts/typ
e1/public/lm/lmss10.pfb><C:/Users/SAMUEL/AppData/Local/Programs/MiKTeX/fonts/ty
pe1/public/lm/lmss12.pfb><C:/Users/SAMUEL/AppData/Local/Programs/MiKTeX/fonts/t
ype1/public/lm/lmssbx10.pfb><C:/Users/SAMUEL/AppData/Local/Programs/MiKTeX/font
s/type1/public/lm/lmsso10.pfb>
Output written on SamuelLouveraOp.pdf (2 pages, 116726 bytes).
Transcript written on SamuelLouveraOp.log.
pdflatex: major issue: So far, you have not checked for MiKTeX updates.
